// Jest Snapshot v1, https://goo.gl/fbAQLP

exports[`<App /> renders correctly 1`] = `
<div
  id="wrapper"
>
  <Search
    handleSearch={[Function]}
  />
  <ReviewEntry
    current={Array []}
    handleCount={[Function]}
    vote={false}
  />
</div>
`;
